############ 261006 리허설 한 바퀴 (HEAD 393faf4) ############

############ S0~S5 자체 시험 (2026-09-18) ############

| 판 | 어떻게 쟀나 | 판정 | 수 |
|---|---|---|---|
| **S0** | 채운 판에서 마운트 도착을 잰다 | ✅ 닿는다 | 도착 170개 · 첫 도착 5.7초 · 끊긴 칸 0 |
| **S1** | 한 로봇 | ✅ Win | 80.3초 · 남은 적 0/100 · HP 1000/1000 |
| **S2** | 한 로봇 | ❌ **LoseDead** | 98.8초 · 남은 적 12/110 · HP 0/1000 |
| **S3** | 한 로봇 | ❌ **LoseDead** | 73.6초 · 남은 적 53/175 · HP 0/1000 |
| **S4** | 한 로봇 | ❌ **LoseDead** | 83.0초 · 남은 적 50/197 · HP 0/1000 |
| **S5** | 두 로봇 | ❌ **LoseDead** | 47.4초 · 남은 적 15/15 · HP 0/1000 |

⚠️ **「안 끝났다」는 「졌다」가 아니다** — 600초 상한에서 끊은 것이다.
⚠️ **값을 하나도 안 고쳤다** — 자산·저장 그대로이고 여기 수는 **센 것**이다.

======== S0 — 튜토리얼 (전투 없음 · 목표는 「이으면 만들어진다」) ========
=== 튜토리얼 목표 실측 (2026-09-15 · 육안 4차 5) ===
빈 칸 = (6, 5)

[안 채운 판]
  마운트 도착 90초 동안 **0개** · 첫 도착 **없음**
  「나가는 곳이 없다」 칸 **3개** — (벨트)@(7, 5) · (벨트)@(8, 7) · (벨트)@(8, 8)
  이어진 노드 10개 · 탄약 생산 **0.00 발/초** · 전력 30/13 · 코어 True
    군수@(7, 8) — 이어짐 False · 일감률 0.00
    군수@(7, 7) — 이어짐 False · 일감률 0.00
    군수@(8, 9) — 이어짐 True · 일감률 1.00
    군수@(6, 6) — 이어짐 True · 일감률 1.00

[채운 판 — 튜토리얼을 마친 상태]
  마운트 도착 90초 동안 **170개** · 첫 도착 5.7초
    StandardAmmo (11) · 170개
  초당 1.89개 → 40개까지 어림 21.2초
  「나가는 곳이 없다」 칸 **0개**
  이어진 노드 12개 · 탄약 생산 **2.00 발/초** · 전력 30/17 · 코어 True
    군수@(7, 8) — 이어짐 True · 일감률 1.00
    군수@(7, 7) — 이어짐 True · 일감률 1.00
    군수@(8, 9) — 이어짐 True · 일감률 1.00
    군수@(6, 6) — 이어짐 True · 일감률 1.00



======== S1 — 한 로봇 · 튜토리얼 종료 적재 ========
=== 스테이지 S1 클리어 하네스 (2026-09-17) ===
[판] 추진제 필요 생산치 **30** (자산 30 대비 ×1.00 · 기준)
[판] 쉴드 줄 **배포 보드에 포함** — 값은 자산이 든다(대당 최대치 · 충전 비율)
[판] 자동 조종 **켬** — 게임과 같은 문(2026-09-17 신설)
[시작 조건] **튜토리얼 종료** — 마운트 적재 참(정상 경로) · 창고 빈손

[판] S1 · 벨트 연결(온보딩)
  요구치 18 · 제한 120s · 적 100 기
  로봇 HP 1000 · 사거리 9.2 · 마운트계수 1.00 · 소비 상한 12.0
  보드 = 시작 배치 + 튜토리얼 칸(운반로 이어진 판) · 마운트 **가득**(40) · 창고 빈손
  이어진 노드 12 · 탄약 생산 2.00 발/초 · 생산 배율 1.00 · 코어 있음

[결과]
  Win · 80.3초
  남은 적 0/100 · 로봇 HP 1000/1000
  ✅ **이겼다 — 끝날 때 남은 HP 1000 (100%)**  ← 여유가 얼마인지가 값을 고를 때의 입력이다(`260917_W04` 4-2)
  쏜 발 400
  첫 도착 0.0초
  첫 발사 0.5초

[회피 축 — `260917_W02` 2-2]
  부스터 2 대 · 회피 스택 상한 8 · 추진제 유입 0.3333 개/초
  **자동 회피 발동 0 회**  ← 측정법: `DodgeSystem.TotalDodges`(발동할 때마다 1 증가) 를 판 끝에서 읽는다
  회피 스택 최고 8  ← 측정법: 매 틱 `Dodge.Stacks` 를 보고 그중 최대
  추진제 소진 틱 59/1606 (3.7%)  ← 측정법: 부스터가 있는 틱 중 `Stacks == 0` 인 틱의 비율
  **전력 효율 1.000** (공급 30 · 수요 17.0)  ← 측정법: `LogisticsSimulation.Throttles` 의 `power` = min(1, 공급/수요)
  **피격 0 회**(회피로 무효가 된 것 포함)  ← 측정법: 근접·포탄이 **명중 판정에 들어온** 순간마다 1 증가
  **받은 총 피해 0**  ← 측정법: 실제로 **HP 에서** 깎인 값의 합. 🗑️ 구 「쉴드는 시뮬에 없다」 폐기 — 09-17 에 쉴드가 붙었고 그 몫은 아래 줄이 센다
  **회피로 무효화한 피해 0**  ← 측정법: 무적이라 **계산에 들어가지도 않은** 공격력의 합
  마운트 최고 도착률 10.00 발/초
  재배분 151 회 — 0 이면 라인이 시작값(빈 줄)으로 굳은 것이다

[쉴드 축]
  최대치 200 (발생 노드 1 대 × 대당 200) · 충전률 5.00/초 (비율 2.5%/초 · 재료 1.000 개/초 · 대당 소비 1)  ← 측정법: `ShieldSystem.ChargeFrom` = 최대치 × 비율 × (먹은 재료 ÷ 먹고 싶은 재료)
  빈 게이지가 차는 데 40.0초  ← 측정법: 최대치 ÷ 충전률. **비율이 고정이라 그릇을 키워도 이 수는 안 변한다**
  **쉴드가 막은 피해 0**  ← 측정법: 피격마다 게이지에서 실제로 빠진 양의 합(`ShieldSystem.Absorbed`). ⚠️ 넘친 몫은 여기 안 들고 위의 「받은 총 피해」로 간다
  쉴드 0 인 틱 0/1606 (0.0%)  ← 측정법: 매 틱 `Shield.Value <= 0` 인 틱의 비율 · **재료가 모자란다는 뜻**
  쉴드 만충 틱 807/1606 (50.2%)  ← 측정법: 매 틱 `Shield.IsFull` 인 틱의 비율 · **그릇이 남아돈다는 뜻**
  쉴드 줄이 쓴 칸 6 칸(벨트 3 + 가공 1 + 군수 1 + 발생 1)  ← 측정법: **시작 보드 배치**에서 센다(하네스가 따로 안 놓는다). ⚠️ **가공을 표준탄 줄과 공유하지 않는 판정**이라 한 칸이 더 든다

[못 쏜 까닭 — 틱마다 하나씩 · 차례가 인과다]
  쏜 틱                152 (9.5%)
  표적 없음             86 (5.4%)  ← 사거리 밖 대기
  표적 있고 재고 0       0 (0.0%)  ← 창고→마운트 이송
  둘 다 있는데 안 쏨  1368 (85.2%)  ← 발사 간격·게이트
  창고 최고 9.6 · 마운트 최고 40.0 · 마운트 평균 39.9
  📌 **창고는 높은데 마운트가 낮으면 이송이 병목**이고, 둘 다 높은데 안 쏘면 게이트다.

[굳은 적 — 10초마다 · 사거리 밖인데 안 움직인 수]
    10초 · 살아있음 6 · 사거리 안 0 · **굳음 0** · 보병 6(안 0·굳음 0)
    20초 · 살아있음 4 · 사거리 안 0 · **굳음 0** · 보병 4(안 0·굳음 0)
    30초 · 살아있음 3 · 사거리 안 0 · **굳음 0** · 보병 3(안 0·굳음 0)
    40초 · 살아있음 3 · 사거리 안 0 · **굳음 0** · 보병 3(안 0·굳음 0)
    50초 · 살아있음 2 · 사거리 안 0 · **굳음 0** · 보병 2(안 0·굳음 0)
    60초 · 살아있음 1 · 사거리 안 0 · **굳음 0** · 보병 1(안 0·굳음 0)
    70초 · 살아있음 2 · 사거리 안 0 · **굳음 0** · 보병 2(안 0·굳음 0)
    80초 · 살아있음 1 · 사거리 안 0 · **굳음 0** · 보병 1(안 0·굳음 0)
    되돌림(못 닿는 적 → 링) **0회** · 문턱 = 이동 속도 × 20초
  좌우 반전 0 회 — 떨림 잣대. 크면 붙들기(현재 0.40초)가 모자란 것이다
  구 규칙(우회 금지)은 2026-09-16 에 폐기됐다 — 주 축이 막히면
  부 축으로 한 칸 본다. 둘 다 막히면 그대로 선다(길막은 살아 있다).

[스폰 거리 — 띠 8.0~14.0]
    #0 0.05초 · 거리 7.93
    #1 0.05초 · 거리 11.63
    #2 0.05초 · 거리 9.34
    #3 0.05초 · 거리 13.05
    #4 3.25초 · 거리 9.89
    #5 9.60초 · 거리 9.56
  ⚠️ 이것은 **나타난 순간**의 거리다 — 적은 그 뒤 로봇 쪽으로 걸어온다.

[출력 축 — 요구치 18]
  명목 40.0 · 배율 뒤 40.0 · 실제(도착 기준) 최고 100.0 · 마지막 0.0
  갭 분해(마지막 틱) 40.0 — 전력 0.0 · 발열 0.0 · 벨트 40.0
  굴린 값(60초 창 · 화면이 내는 것과 같은 방식) 최고 20.1
  ✅ 요구치 18 를 넘겼다 (굴린 최고 20.1)
  ⚠️ 판정은 **굴린 값**으로 한다 — 굴리지 않은 최고는 한 틱에 몰려 도착한
     것이 스파이크로 읽힌 수라, 그것으로 판정하면 없는 성능을 보고하게 된다.


======== S2 — 한 로봇 · 튜토리얼 종료 적재 ========
=== 스테이지 S2 클리어 하네스 (2026-09-17) ===
[판] 추진제 필요 생산치 **30** (자산 30 대비 ×1.00 · 기준)
[판] 쉴드 줄 **배포 보드에 포함** — 값은 자산이 든다(대당 최대치 · 충전 비율)
[판] 자동 조종 **켬** — 게임과 같은 문(2026-09-17 신설)
[시작 조건] **튜토리얼 종료** — 마운트 적재 참(정상 경로) · 창고 빈손

[판] S2 · 모듈 배치(M/R)
  요구치 18 · 제한 120s · 적 110 기
  로봇 HP 1000 · 사거리 9.2 · 마운트계수 1.00 · 소비 상한 12.0
  보드 = 시작 배치 + 튜토리얼 칸(운반로 이어진 판) · 마운트 **가득**(40) · 창고 빈손
  이어진 노드 12 · 탄약 생산 2.00 발/초 · 생산 배율 1.00 · 코어 있음

[결과]
  LoseDead · 98.8초
  남은 적 12/110 · 로봇 HP 0/1000
  쏜 발 591
  첫 도착 0.0초
  첫 발사 0.5초

[회피 축 — `260917_W02` 2-2]
  부스터 2 대 · 회피 스택 상한 8 · 추진제 유입 0.3333 개/초
  **자동 회피 발동 31 회**  ← 측정법: `DodgeSystem.TotalDodges`(발동할 때마다 1 증가) 를 판 끝에서 읽는다
  회피 스택 최고 8  ← 측정법: 매 틱 `Dodge.Stacks` 를 보고 그중 최대
  추진제 소진 틱 877/1976 (44.4%)  ← 측정법: 부스터가 있는 틱 중 `Stacks == 0` 인 틱의 비율
  **전력 효율 1.000** (공급 30 · 수요 17.0)  ← 측정법: `LogisticsSimulation.Throttles` 의 `power` = min(1, 공급/수요)
  **피격 248 회**(회피로 무효가 된 것 포함)  ← 측정법: 근접·포탄이 **명중 판정에 들어온** 순간마다 1 증가
  **받은 총 피해 1007**  ← 측정법: 실제로 **HP 에서** 깎인 값의 합. 🗑️ 구 「쉴드는 시뮬에 없다」 폐기 — 09-17 에 쉴드가 붙었고 그 몫은 아래 줄이 센다
  **회피로 무효화한 피해 322**  ← 측정법: 무적이라 **계산에 들어가지도 않은** 공격력의 합
  마운트 최고 도착률 10.00 발/초
  재배분 188 회 — 0 이면 라인이 시작값(빈 줄)으로 굳은 것이다

[쉴드 축]
  최대치 200 (발생 노드 1 대 × 대당 200) · 충전률 5.00/초 (비율 2.5%/초 · 재료 1.000 개/초 · 대당 소비 1)  ← 측정법: `ShieldSystem.ChargeFrom` = 최대치 × 비율 × (먹은 재료 ÷ 먹고 싶은 재료)
  빈 게이지가 차는 데 40.0초  ← 측정법: 최대치 ÷ 충전률. **비율이 고정이라 그릇을 키워도 이 수는 안 변한다**
  **쉴드가 막은 피해 400**  ← 측정법: 피격마다 게이지에서 실제로 빠진 양의 합(`ShieldSystem.Absorbed`). ⚠️ 넘친 몫은 여기 안 들고 위의 「받은 총 피해」로 간다
  쉴드 0 인 틱 123/1976 (6.2%)  ← 측정법: 매 틱 `Shield.Value <= 0` 인 틱의 비율 · **재료가 모자란다는 뜻**
  쉴드 만충 틱 378/1976 (19.1%)  ← 측정법: 매 틱 `Shield.IsFull` 인 틱의 비율 · **그릇이 남아돈다는 뜻**
  쉴드 줄이 쓴 칸 6 칸(벨트 3 + 가공 1 + 군수 1 + 발생 1)  ← 측정법: **시작 보드 배치**에서 센다(하네스가 따로 안 놓는다). ⚠️ **가공을 표준탄 줄과 공유하지 않는 판정**이라 한 칸이 더 든다

[못 쏜 까닭 — 틱마다 하나씩 · 차례가 인과다]
  쏜 틱                197 (10.0%)
  표적 없음              0 (0.0%)  ← 사거리 밖 대기
  표적 있고 재고 0       0 (0.0%)  ← 창고→마운트 이송
  둘 다 있는데 안 쏨  1779 (90.0%)  ← 발사 간격·게이트
  창고 최고 1.0 · 마운트 최고 40.0 · 마운트 평균 39.9
  📌 **창고는 높은데 마운트가 낮으면 이송이 병목**이고, 둘 다 높은데 안 쏘면 게이트다.

[굳은 적 — 10초마다 · 사거리 밖인데 안 움직인 수]
    10초 · 살아있음 6 · 사거리 안 0 · **굳음 0** · 보병 6(안 0·굳음 0)
    20초 · 살아있음 8 · 사거리 안 0 · **굳음 0** · 보병 8(안 0·굳음 0)
    30초 · 살아있음 10 · 사거리 안 0 · **굳음 0** · 보병 10(안 0·굳음 0)
    40초 · 살아있음 12 · 사거리 안 0 · **굳음 0** · 보병 12(안 0·굳음 0)
    50초 · 살아있음 14 · 사거리 안 0 · **굳음 0** · 보병 14(안 0·굳음 0)
    60초 · 살아있음 16 · 사거리 안 4 · **굳음 0** · 보병 16(안 4·굳음 0)
    70초 · 살아있음 19 · 사거리 안 3 · **굳음 0** · 보병 19(안 3·굳음 0)
    80초 · 살아있음 25 · 사거리 안 2 · **굳음 0** · 보병 21(안 2·굳음 0) · 포격 4(안 0·굳음 0)
    90초 · 살아있음 20 · 사거리 안 9 · **굳음 0** · 보병 10(안 1·굳음 0) · 포격 10(안 8·굳음 0)
    되돌림(못 닿는 적 → 링) **0회** · 문턱 = 이동 속도 × 20초
  좌우 반전 3 회 — 떨림 잣대. 크면 붙들기(현재 0.40초)가 모자란 것이다
  구 규칙(우회 금지)은 2026-09-16 에 폐기됐다 — 주 축이 막히면
  부 축으로 한 칸 본다. 둘 다 막히면 그대로 선다(길막은 살아 있다).

[스폰 거리 — 띠 8.0~14.0]
    #0 0.05초 · 거리 7.93
    #1 0.05초 · 거리 11.63
    #2 0.05초 · 거리 9.34
    #3 0.05초 · 거리 13.05
    #4 3.25초 · 거리 9.89
    #5 6.40초 · 거리 12.73
    #6 9.60초 · 거리 9.57
    #7 12.80초 · 거리 12.39
    #8 19.25초 · 거리 12.05
    #9 22.45초 · 거리 8.88
  ⚠️ 이것은 **나타난 순간**의 거리다 — 적은 그 뒤 로봇 쪽으로 걸어온다.

[출력 축 — 요구치 18]
  명목 40.0 · 배율 뒤 40.0 · 실제(도착 기준) 최고 100.0 · 마지막 100.0
  갭 분해(마지막 틱) -60.0 — 전력 0.0 · 발열 0.0 · 벨트 -60.0
  굴린 값(60초 창 · 화면이 내는 것과 같은 방식) 최고 20.1
  ✅ 요구치 18 를 넘겼다 (굴린 최고 20.1)
  ⚠️ 판정은 **굴린 값**으로 한다 — 굴리지 않은 최고는 한 틱에 몰려 도착한
     것이 스파이크로 읽힌 수라, 그것으로 판정하면 없는 성능을 보고하게 된다.


======== S3 — 한 로봇 · 튜토리얼 종료 적재 ========
=== 스테이지 S3 클리어 하네스 (2026-09-17) ===
[판] 추진제 필요 생산치 **30** (자산 30 대비 ×1.00 · 기준)
[판] 쉴드 줄 **배포 보드에 포함** — 값은 자산이 든다(대당 최대치 · 충전 비율)
[판] 자동 조종 **켬** — 게임과 같은 문(2026-09-17 신설)
[시작 조건] **튜토리얼 종료** — 마운트 적재 참(정상 경로) · 창고 빈손

[판] S3 · 물류 재설계(영상B)
  요구치 126 · 제한 120s · 적 175 기
  로봇 HP 1000 · 사거리 9.2 · 마운트계수 1.00 · 소비 상한 12.0
  보드 = 시작 배치 + 튜토리얼 칸(운반로 이어진 판) · 마운트 **가득**(40) · 창고 빈손
  이어진 노드 12 · 탄약 생산 2.00 발/초 · 생산 배율 1.00 · 코어 있음

[결과]
  LoseDead · 73.6초
  남은 적 53/175 · 로봇 HP 0/1000
  쏜 발 441
  첫 도착 0.0초
  첫 발사 0.5초

[회피 축 — `260917_W02` 2-2]
  부스터 2 대 · 회피 스택 상한 8 · 추진제 유입 0.3333 개/초
  **자동 회피 발동 24 회**  ← 측정법: `DodgeSystem.TotalDodges`(발동할 때마다 1 증가) 를 판 끝에서 읽는다
  회피 스택 최고 3  ← 측정법: 매 틱 `Dodge.Stacks` 를 보고 그중 최대
  추진제 소진 틱 1072/1472 (72.8%)  ← 측정법: 부스터가 있는 틱 중 `Stacks == 0` 인 틱의 비율
  **전력 효율 1.000** (공급 30 · 수요 17.0)  ← 측정법: `LogisticsSimulation.Throttles` 의 `power` = min(1, 공급/수요)
  **피격 270 회**(회피로 무효가 된 것 포함)  ← 측정법: 근접·포탄이 **명중 판정에 들어온** 순간마다 1 증가
  **받은 총 피해 1000**  ← 측정법: 실제로 **HP 에서** 깎인 값의 합. 🗑️ 구 「쉴드는 시뮬에 없다」 폐기 — 09-17 에 쉴드가 붙었고 그 몫은 아래 줄이 센다
  **회피로 무효화한 피해 252**  ← 측정법: 무적이라 **계산에 들어가지도 않은** 공격력의 합
  마운트 최고 도착률 10.00 발/초
  재배분 137 회 — 0 이면 라인이 시작값(빈 줄)으로 굳은 것이다

[쉴드 축]
  최대치 200 (발생 노드 1 대 × 대당 200) · 충전률 5.00/초 (비율 2.5%/초 · 재료 1.000 개/초 · 대당 소비 1)  ← 측정법: `ShieldSystem.ChargeFrom` = 최대치 × 비율 × (먹은 재료 ÷ 먹고 싶은 재료)
  빈 게이지가 차는 데 40.0초  ← 측정법: 최대치 ÷ 충전률. **비율이 고정이라 그릇을 키워도 이 수는 안 변한다**
  **쉴드가 막은 피해 368**  ← 측정법: 피격마다 게이지에서 실제로 빠진 양의 합(`ShieldSystem.Absorbed`). ⚠️ 넘친 몫은 여기 안 들고 위의 「받은 총 피해」로 간다
  쉴드 0 인 틱 158/1472 (10.7%)  ← 측정법: 매 틱 `Shield.Value <= 0` 인 틱의 비율 · **재료가 모자란다는 뜻**
  쉴드 만충 틱 0/1472 (0.0%)  ← 측정법: 매 틱 `Shield.IsFull` 인 틱의 비율 · **그릇이 남아돈다는 뜻**
  쉴드 줄이 쓴 칸 6 칸(벨트 3 + 가공 1 + 군수 1 + 발생 1)  ← 측정법: **시작 보드 배치**에서 센다(하네스가 따로 안 놓는다). ⚠️ **가공을 표준탄 줄과 공유하지 않는 판정**이라 한 칸이 더 든다

[못 쏜 까닭 — 틱마다 하나씩 · 차례가 인과다]
  쏜 틱                147 (10.0%)
  표적 없음              0 (0.0%)  ← 사거리 밖 대기
  표적 있고 재고 0       0 (0.0%)  ← 창고→마운트 이송
  둘 다 있는데 안 쏨  1325 (90.0%)  ← 발사 간격·게이트
  창고 최고 1.0 · 마운트 최고 40.0 · 마운트 평균 39.9
  📌 **창고는 높은데 마운트가 낮으면 이송이 병목**이고, 둘 다 높은데 안 쏘면 게이트다.

[굳은 적 — 10초마다 · 사거리 밖인데 안 움직인 수]
    10초 · 살아있음 11 · 사거리 안 0 · **굳음 0** · 보병 11(안 0·굳음 0)
    20초 · 살아있음 16 · 사거리 안 0 · **굳음 0** · 보병 16(안 0·굳음 0)
    30초 · 살아있음 22 · 사거리 안 1 · **굳음 0** · 보병 22(안 1·굳음 0)
    40초 · 살아있음 31 · 사거리 안 4 · **굳음 0** · 보병 31(안 4·굳음 0)
    50초 · 살아있음 38 · 사거리 안 7 · **굳음 0** · 보병 38(안 7·굳음 0)
    60초 · 살아있음 45 · 사거리 안 6 · **굳음 0** · 보병 45(안 6·굳음 0)
    70초 · 살아있음 50 · 사거리 안 6 · **굳음 0** · 보병 50(안 6·굳음 0)
    되돌림(못 닿는 적 → 링) **0회** · 문턱 = 이동 속도 × 20초
  좌우 반전 23 회 — 떨림 잣대. 크면 붙들기(현재 0.40초)가 모자란 것이다
  구 규칙(우회 금지)은 2026-09-16 에 폐기됐다 — 주 축이 막히면
  부 축으로 한 칸 본다. 둘 다 막히면 그대로 선다(길막은 살아 있다).

[스폰 거리 — 띠 8.0~14.0]
    #0 0.05초 · 거리 7.93
    #1 0.05초 · 거리 11.63
    #2 0.05초 · 거리 9.34
    #3 0.05초 · 거리 13.05
    #4 3.25초 · 거리 8.54
    #5 3.25초 · 거리 12.18
    #6 3.25초 · 거리 9.88
    #7 6.40초 · 거리 9.01
    #8 6.40초 · 거리 12.72
    #9 9.60초 · 거리 11.85
  ⚠️ 이것은 **나타난 순간**의 거리다 — 적은 그 뒤 로봇 쪽으로 걸어온다.

[출력 축 — 요구치 126]
  명목 40.0 · 배율 뒤 40.0 · 실제(도착 기준) 최고 100.0 · 마지막 0.0
  갭 분해(마지막 틱) 40.0 — 전력 0.0 · 발열 0.0 · 벨트 40.0
  굴린 값(60초 창 · 화면이 내는 것과 같은 방식) 최고 20.0
  ❌ **요구치 126 에 못 미쳤다** (굴린 최고 20.0) — 못 미치는 것 자체가 보고 내용이다
  ⚠️ 판정은 **굴린 값**으로 한다 — 굴리지 않은 최고는 한 틱에 몰려 도착한
     것이 스파이크로 읽힌 수라, 그것으로 판정하면 없는 성능을 보고하게 된다.


======== S4 — 한 로봇 · 튜토리얼 종료 적재 ========
=== 스테이지 S4 클리어 하네스 (2026-09-17) ===
[판] 추진제 필요 생산치 **30** (자산 30 대비 ×1.00 · 기준)
[판] 쉴드 줄 **배포 보드에 포함** — 값은 자산이 든다(대당 최대치 · 충전 비율)
[판] 자동 조종 **켬** — 게임과 같은 문(2026-09-17 신설)
[시작 조건] **튜토리얼 종료** — 마운트 적재 참(정상 경로) · 창고 빈손

[판] S4 · 마운트 강화(벽)
  요구치 183 · 제한 120s · 적 197 기
  로봇 HP 1000 · 사거리 9.2 · 마운트계수 1.45 · 소비 상한 12.0
  보드 = 시작 배치 + 튜토리얼 칸(운반로 이어진 판) · 마운트 **가득**(40) · 창고 빈손
  이어진 노드 12 · 탄약 생산 2.00 발/초 · 생산 배율 1.00 · 코어 있음

[결과]
  LoseDead · 83.0초
  남은 적 50/197 · 로봇 HP 0/1000
  쏜 발 498
  첫 도착 0.0초
  첫 발사 0.5초

[회피 축 — `260917_W02` 2-2]
  부스터 2 대 · 회피 스택 상한 8 · 추진제 유입 0.3333 개/초
  **자동 회피 발동 27 회**  ← 측정법: `DodgeSystem.TotalDodges`(발동할 때마다 1 증가) 를 판 끝에서 읽는다
  회피 스택 최고 3  ← 측정법: 매 틱 `Dodge.Stacks` 를 보고 그중 최대
  추진제 소진 틱 1207/1660 (72.7%)  ← 측정법: 부스터가 있는 틱 중 `Stacks == 0` 인 틱의 비율
  **전력 효율 1.000** (공급 30 · 수요 17.0)  ← 측정법: `LogisticsSimulation.Throttles` 의 `power` = min(1, 공급/수요)
  **피격 278 회**(회피로 무효가 된 것 포함)  ← 측정법: 근접·포탄이 **명중 판정에 들어온** 순간마다 1 증가
  **받은 총 피해 1001**  ← 측정법: 실제로 **HP 에서** 깎인 값의 합. 🗑️ 구 「쉴드는 시뮬에 없다」 폐기 — 09-17 에 쉴드가 붙었고 그 몫은 아래 줄이 센다
  **회피로 무효화한 피해 252**  ← 측정법: 무적이라 **계산에 들어가지도 않은** 공격력의 합
  마운트 최고 도착률 10.00 발/초
  재배분 157 회 — 0 이면 라인이 시작값(빈 줄)으로 굳은 것이다

[쉴드 축]
  최대치 200 (발생 노드 1 대 × 대당 200) · 충전률 5.00/초 (비율 2.5%/초 · 재료 1.000 개/초 · 대당 소비 1)  ← 측정법: `ShieldSystem.ChargeFrom` = 최대치 × 비율 × (먹은 재료 ÷ 먹고 싶은 재료)
  빈 게이지가 차는 데 40.0초  ← 측정법: 최대치 ÷ 충전률. **비율이 고정이라 그릇을 키워도 이 수는 안 변한다**
  **쉴드가 막은 피해 415**  ← 측정법: 피격마다 게이지에서 실제로 빠진 양의 합(`ShieldSystem.Absorbed`). ⚠️ 넘친 몫은 여기 안 들고 위의 「받은 총 피해」로 간다
  쉴드 0 인 틱 160/1660 (9.6%)  ← 측정법: 매 틱 `Shield.Value <= 0` 인 틱의 비율 · **재료가 모자란다는 뜻**
  쉴드 만충 틱 0/1660 (0.0%)  ← 측정법: 매 틱 `Shield.IsFull` 인 틱의 비율 · **그릇이 남아돈다는 뜻**
  쉴드 줄이 쓴 칸 6 칸(벨트 3 + 가공 1 + 군수 1 + 발생 1)  ← 측정법: **시작 보드 배치**에서 센다(하네스가 따로 안 놓는다). ⚠️ **가공을 표준탄 줄과 공유하지 않는 판정**이라 한 칸이 더 든다

[못 쏜 까닭 — 틱마다 하나씩 · 차례가 인과다]
  쏜 틱                166 (10.0%)
  표적 없음              0 (0.0%)  ← 사거리 밖 대기
  표적 있고 재고 0       0 (0.0%)  ← 창고→마운트 이송
  둘 다 있는데 안 쏨  1494 (90.0%)  ← 발사 간격·게이트
  창고 최고 1.0 · 마운트 최고 40.0 · 마운트 평균 39.9
  📌 **창고는 높은데 마운트가 낮으면 이송이 병목**이고, 둘 다 높은데 안 쏘면 게이트다.

[굳은 적 — 10초마다 · 사거리 밖인데 안 움직인 수]
    10초 · 살아있음 10 · 사거리 안 0 · **굳음 0** · 보병 10(안 0·굳음 0)
    20초 · 살아있음 15 · 사거리 안 0 · **굳음 0** · 보병 15(안 0·굳음 0)
    30초 · 살아있음 20 · 사거리 안 2 · **굳음 0** · 보병 20(안 2·굳음 0)
    40초 · 살아있음 27 · 사거리 안 1 · **굳음 0** · 보병 27(안 1·굳음 0)
    50초 · 살아있음 32 · 사거리 안 5 · **굳음 0** · 보병 32(안 5·굳음 0)
    60초 · 살아있음 37 · 사거리 안 5 · **굳음 0** · 보병 37(안 5·굳음 0)
    70초 · 살아있음 44 · 사거리 안 7 · **굳음 0** · 보병 44(안 7·굳음 0)
    80초 · 살아있음 53 · 사거리 안 5 · **굳음 0** · 보병 53(안 5·굳음 0)
    되돌림(못 닿는 적 → 링) **0회** · 문턱 = 이동 속도 × 20초
  좌우 반전 15 회 — 떨림 잣대. 크면 붙들기(현재 0.40초)가 모자란 것이다
  구 규칙(우회 금지)은 2026-09-16 에 폐기됐다 — 주 축이 막히면
  부 축으로 한 칸 본다. 둘 다 막히면 그대로 선다(길막은 살아 있다).

[스폰 거리 — 띠 8.0~14.0]
    #0 0.05초 · 거리 7.93
    #1 0.05초 · 거리 11.63
    #2 0.05초 · 거리 9.34
    #3 0.05초 · 거리 13.05
    #4 3.25초 · 거리 12.18
    #5 3.25초 · 거리 9.88
    #6 6.40초 · 거리 9.01
    #7 6.40초 · 거리 12.72
    #8 9.60초 · 거리 11.85
    #9 9.60초 · 거리 9.56
  ⚠️ 이것은 **나타난 순간**의 거리다 — 적은 그 뒤 로봇 쪽으로 걸어온다.

[출력 축 — 요구치 183]
  명목 40.0 · 배율 뒤 40.0 · 실제(도착 기준) 최고 100.0 · 마지막 0.0
  갭 분해(마지막 틱) 40.0 — 전력 0.0 · 발열 0.0 · 벨트 40.0
  굴린 값(60초 창 · 화면이 내는 것과 같은 방식) 최고 20.1
  ❌ **요구치 183 에 못 미쳤다** (굴린 최고 20.1) — 못 미치는 것 자체가 보고 내용이다
  ⚠️ 판정은 **굴린 값**으로 한다 — 굴리지 않은 최고는 한 틱에 몰려 도착한
     것이 스파이크로 읽힌 수라, 그것으로 판정하면 없는 성능을 보고하게 된다.


======== S5 — **두 로봇**(태그 학습 판이라 한 로봇으로 안 잰다) ========
############ 태그 두 로봇 판 · S5 (2026-09-18) ############

[판] S5 · 튜토리얼 종료 적재 · 자동 조종 **켬** · 태그 오토 **켬**
  ⚠️ **스테이지 점프 판이다 — 승패는 안 본다.** 로봇을 강화하지 않고 뛰어들었다.
     여기서 보는 것은 **광역형이 한 대에 몇 마리를 치는가** 하나다.
  ⚠️ 태그 오토를 켠 것은 **가정**이다 — 게임 기본값은 꺼짐이고,
     사람이 안 누르는 판에서 태그를 재려면 켜는 수밖에 없다.
  A 마운트 4 × 10 = 40 · B 마운트 8 × 5 = 40 (드론 스택 비 0.50)
  광역 판정 반경 5.0 칸 (⚠️ 잠정 점값 · 설계 확정은 「본전 4마리」)
  B 세대 표식 3fc396fc
  A 보드 — 이어진 노드 12 · 탄약 2.00 발/초 · 전력 30/17
  B 보드 — 이어진 노드 18 · 드론 2.00 기/초 · 광역 몫 0.50 · 전력 30/27

[결과]
  LoseDead · 47.4초 · 남은 적 15/15 · 로봇 HP 0/1000
  교대 2 회 · 태그 스킬 1 회

[목적 1 — 피해 나눔의 대가]  ← 측정법: 태그 스킬이 터질 때마다 표적 수와 총 피해를 읽는다
    28.4초 · 표적 15 · 총 피해 2550 · 한 체 몫 170 · 소진 직전 적재(누적 20 · 광역 20)

[목적 2 — 드론 스택 40]  ← 측정법: B 마운트가 처음 만충이 된 시각
    **28.4초**에 만충(적재량 40) ← 태그 스킬이 나간 자리로 잰다(만충일 때만 나간다)

[목적 3 — 두 드론 혼재]  ← 측정법: 매 틱 B 마운트의 두 종 적재를 평균 낸다
    평균 적재 — 누적형 8.9 · 광역형 7.6 · 광역 비율 0.46
    보드 산출 몫 — 광역 0.50 (비율이 이 수와 갈리면 마운트가 유입대로 안 찬 것이다)

[B 포트 둘 — 도착이 있는가]  ← 측정법: 종별 도착률을 판 내내 적분한 것. 종마다 다른 포트로 들어온다
    누적형 **43 기** (포트 (9,10) 서면) · 광역형 **35 기** (포트 (2,10) 동면)
    ⚠️ 한쪽이 0 이면 그 포트로 가는 줄이 끊긴 것이다.

[기존 줄 산출 불변]  ← 측정법: B 가 나가 있는 동안의 회피 스택 최고 · 보호막 최고
    회피 스택 최고 8 (추진제 줄) · 보호막 최고 167 (보호막 줄)
    ⚠️ 둘 다 0 이면 코어 서면 분류기가 기존 줄을 굶긴 것이다.

[회피 축 — 두 로봇 판]  ← 측정법: 한 로봇 판(`Run`)과 같은 값을 읽는다
    **자동 회피 발동 15 회**  ← 측정법: `DodgeSystem.TotalDodges`(발동할 때마다 1 증가) 를 판 끝에서 읽는다
    **피격 203 회**(회피로 무효가 된 것 포함)  ← 측정법: 근접·포탄이 **명중 판정에 들어온** 순간마다 1 증가
    **받은 총 피해 1003**  ← 측정법: 실제로 **HP 에서** 깎인 값의 합
    **회피로 무효화한 피해 384**  ← 측정법: 무적이라 **계산에 들어가지도 않은** 공격력의 합
    **쉴드가 막은 피해 237**  ← 측정법: 피격마다 게이지에서 실제로 빠진 양의 합
    ⚠️ **스택 최고 8 과 발동 0 회는 같이 설 수 있다** — 그릇은 찼는데 쓸 일이 없었거나, 쓸 수 없었다는 뜻이다. 둘은 다른 물음이다.

[목적 4 — 광역형 한 기의 평균 표적 수]  ← 측정법: 광역 타격마다 (주 표적 1 + 곁에 닿은 수)
    타격 8 회 · 닿은 표적 합 61 · **평균 7.63 마리** (설계 본전 4마리와 견준다)

[적 간격 — 반경이 무엇을 정하는가]  ← 측정법: 붙은 적마다 가장 가까운 이웃까지의 거리(0.5초마다)
    표본 384 · **평균 2.81 유닛** · 최소 2.67 유닛

[반경 스위프 — 반경 r 이면 몇 마리가 들어오나]  ← 측정법: 광역 타격 순간 r 안의 살아 있는 적 수
    r = 2 칸 → 평균 **1.00 마리**
    r = 3 칸 → 평균 **4.13 마리**
    r = 4 칸 → 평균 **5.50 마리**
    r = 5 칸 → 평균 **7.63 마리**
    ⚠️ **값은 안 옮겼다** — 판정은 자산의 반경 하나를 그대로 쓴다. 여기 수는 세기만 한 것이다.

############ 끝 ############


############ 끝 ############
UnityEngine.Debug:ExtractStackTraceNoAlloc (byte*,int,string)
UnityEngine.StackTraceUtility:ExtractStackTrace ()
UnityEngine.DebugLogHandler:Internal_Log (UnityEngine.LogType,UnityEngine.LogOption,string,UnityEngine.Object)
UnityEngine.DebugLogHandler:LogFormat (UnityEngine.LogType,UnityEngine.Object,string,object[])
UnityEngine.Logger:Log (UnityEngine.LogType,object)
UnityEngine.Debug:Log (object)
MBI.EditorTools.StageClearHarness:RunStageSweepBatch () (at Assets/_Project/Scripts/Editor/StageClearHarness.cs:214)

(Filename: Assets/_Project/Scripts/Editor/StageClearHarness.cs Line: 214)

Killing ADB server in 2.1942166 seconds.
[Physics::Module] Cleanup current backend.
[Physics::Module] Id: 0xf2b8ea05
Input System module state changed to: ShutdownInProgress.
Input Polling Thread exited.
Input System module state changed to: Shutdown.
[Licensing::IpcConnector] LicenseClient-Kang-notifications channel disconnected successfully.
[Licensing::IpcConnector] LicenseClient-Kang channel disconnected successfully.
AcceleratorClientConnectionCallback - disconnected - :0
Shut down.
Cleanup mono
CodeReloadManager destroyed
abort_threads: Failed aborting id: 0000000000003124, mono_thread_manage will ignore it

abort_threads: Failed aborting id: 0000000000004498, mono_thread_manage will ignore it

abort_threads: Failed aborting id: 0000000000003124, mono_thread_manage will ignore it

abort_threads: Failed aborting id: 0000000000004498, mono_thread_manage will ignore it

debugger-agent: Unable to listen on 4052
Checking for leaked weakptr:
  Found no leaked weakptrs.
[Package Manager] Server process was shutdown
##utp:{"type":"MemoryLeaks","version":2,"phase":"Immediate","time":1791292672482,"processId":40332,"allocatedMemory":15664513,"memoryLabels":[{"Default":205564},{"Permanent":15276},{"NewDelete":65187},{"Thread":4230384},{"Manager":34093},{"VertexData":8},{"Geometry":816},{"Texture":24},{"Shader":852788},{"Material":24},{"GfxDevice":55321},{"Animation":392},{"Audio":3008},{"FreeType":8},{"FontEngine":736},{"Physics":2090},{"Physics2D":16},{"Serialization":824},{"Input":9880},{"JobScheduler":33024},{"TextLib":216},{"Mono":32},{"MonoCode":64},{"ScriptingNativeRuntime":155052},{"BaseObject":1620496},{"Resource":1184},{"Renderer":3008},{"Transform":4685},{"File":1088},{"WebCam":616},{"Culling":32},{"Terrain":11394},{"Wind":24},{"STL":40},{"String":15483},{"StaticString":6718},{"Utility":2673318},{"Curl":2478},{"PoolAlloc":2168},{"AI":80},{"TypeTree":16261},{"ScriptManager":448},{"RuntimeInitializeOnLoadManager":64},{"SpriteAtlas":120},{"GI":7792},{"Director":8320},{"CloudService":7376},{"WebRequest":845},{"VR":48050},{"SceneManager":504},{"Video":64},{"LazyScriptCache":32},{"Camera":17},{"Secure":2113},{"SerializationCache":1576},{"APIUpdating":10320},{"Subsystems":336},{"VirtualTexturing":57888},{"StaticSafetyDebugInfo":278528},{"Analytics":464},{"Hierarchy":608},{"CoreStats":13032},{"Identifiers":12960},{"Gui":128},{"EditorUtility":112675},{"VersionControl":4},{"Undo":931},{"AssetDatabase":5020815},{"EditorGi":328},{"UnityConnect":37753},{"Upm":1912},{"UpmDiagnostics":8},{"AssetCompliance":64},{"DrivenProperties":72},{"LocalIPC":210},{"ProfilerEditor":9746},{"CoreBusinessMetrics":2862},{"Windowing":456},{"Licensing":1232},{"AssetReference":32},{"IPCStream":32}]}
~StackAllocator(ALLOC_TEMP_MAIN) m_LastAlloc not NULL. Did you forget to call FreeAllStackAllocations()? To get more information, run app with -diag-temp-memory-leak-validation cmd line argument

############ S6 보스 밀기 (2026-10-01 · ⑫) ############

⚠️ **세기 6 는 자산 값 그대로다** — 끈 판은 재는 동안만 0 이고 되돌린다.

======== 켠 판 (세기 6) ========
=== 스테이지 S6 클리어 하네스 (2026-09-17) ===
[판] 추진제 필요 생산치 **30** (자산 30 대비 ×1.00 · 기준)
[판] 쉴드 줄 **배포 보드에 포함** — 값은 자산이 든다(대당 최대치 · 충전 비율)
[판] 자동 조종 **켬** — 게임과 같은 문(2026-09-17 신설)
[시작 조건] **튜토리얼 종료** — 마운트 적재 참(정상 경로) · 창고 빈손

[판] S6 · 합체·버스트(영상C)
  요구치 0 · 제한 120s · 적 1 기
  로봇 HP 1000 · 사거리 9.2 · 마운트계수 1.45 · 소비 상한 12.0
  보드 = 시작 배치 + 튜토리얼 칸(운반로 이어진 판) · 마운트 **가득**(40) · 창고 빈손
  이어진 노드 12 · 탄약 생산 2.00 발/초 · 생산 배율 1.00 · 코어 있음

[결과]
  LoseDead · 110.5초
  남은 적 1/1 · 로봇 HP 0/1000
  쏜 발 663
  첫 도착 0.0초
  첫 발사 0.5초

[보스 밀기 — 로봇이 실제로 밀려나는가]  ← 측정법: 틱마다 보스–로봇 중심 거리와 로봇이 움직인 양
    보스–로봇 **최소 거리 2.775 유닛**  ← 겹침 판정선(반지름 합)보다 작게 내려갔는가를 본다
    **겹친 틱 0**  ← 겹친 동안에만 민다. 0 이면 애초에 안 붙었다는 뜻이다
    **밀린 총 거리 0.00 유닛**  ← 겹친 틱에 로봇이 움직인 양의 합(제 걸음도 섞인다)
    ⚠️ 세기 0 판과 **나란히 놓고** 봐야 밀기의 몫이 갈린다 — 이 수만으로는 제 걸음과 밀린 몫을 못 가른다.

[회피 축 — `260917_W02` 2-2]
  부스터 2 대 · 회피 스택 상한 8 · 추진제 유입 0.3333 개/초
  **자동 회피 발동 36 회**  ← 측정법: `DodgeSystem.TotalDodges`(발동할 때마다 1 증가) 를 판 끝에서 읽는다
  회피 스택 최고 1  ← 측정법: 매 틱 `Dodge.Stacks` 를 보고 그중 최대
  추진제 소진 틱 1898/2210 (85.9%)  ← 측정법: 부스터가 있는 틱 중 `Stacks == 0` 인 틱의 비율
  **전력 효율 1.000** (공급 30 · 수요 17.0)  ← 측정법: `LogisticsSimulation.Throttles` 의 `power` = min(1, 공급/수요)
  **피격 114 회**(회피로 무효가 된 것 포함)  ← 측정법: 근접·포탄이 **명중 판정에 들어온** 순간마다 1 증가
  **받은 총 피해 1008**  ← 측정법: 실제로 **HP 에서** 깎인 값의 합. 🗑️ 구 「쉴드는 시뮬에 없다」 폐기 — 09-17 에 쉴드가 붙었고 그 몫은 아래 줄이 센다
  **회피로 무효화한 피해 720**  ← 측정법: 무적이라 **계산에 들어가지도 않은** 공격력의 합
  마운트 최고 도착률 10.00 발/초
  재배분 211 회 — 0 이면 라인이 시작값(빈 줄)으로 굳은 것이다

[쉴드 축]
  최대치 200 (발생 노드 1 대 × 대당 200) · 충전률 5.00/초 (비율 2.5%/초 · 재료 1.000 개/초 · 대당 소비 1)  ← 측정법: `ShieldSystem.ChargeFrom` = 최대치 × 비율 × (먹은 재료 ÷ 먹고 싶은 재료)
  빈 게이지가 차는 데 40.0초  ← 측정법: 최대치 ÷ 충전률. **비율이 고정이라 그릇을 키워도 이 수는 안 변한다**
  **쉴드가 막은 피해 553**  ← 측정법: 피격마다 게이지에서 실제로 빠진 양의 합(`ShieldSystem.Absorbed`). ⚠️ 넘친 몫은 여기 안 들고 위의 「받은 총 피해」로 간다
  쉴드 0 인 틱 77/2210 (3.5%)  ← 측정법: 매 틱 `Shield.Value <= 0` 인 틱의 비율 · **재료가 모자란다는 뜻**
  쉴드 만충 틱 0/2210 (0.0%)  ← 측정법: 매 틱 `Shield.IsFull` 인 틱의 비율 · **그릇이 남아돈다는 뜻**
  쉴드 줄이 쓴 칸 6 칸(벨트 3 + 가공 1 + 군수 1 + 발생 1)  ← 측정법: **시작 보드 배치**에서 센다(하네스가 따로 안 놓는다). ⚠️ **가공을 표준탄 줄과 공유하지 않는 판정**이라 한 칸이 더 든다

[못 쏜 까닭 — 틱마다 하나씩 · 차례가 인과다]
  쏜 틱                221 (10.0%)
  표적 없음              0 (0.0%)  ← 사거리 밖 대기
  표적 있고 재고 0       0 (0.0%)  ← 창고→마운트 이송
  둘 다 있는데 안 쏨  1989 (90.0%)  ← 발사 간격·게이트
  창고 최고 1.0 · 마운트 최고 40.0 · 마운트 평균 39.9
  📌 **창고는 높은데 마운트가 낮으면 이송이 병목**이고, 둘 다 높은데 안 쏘면 게이트다.

[굳은 적 — 10초마다 · 사거리 밖인데 안 움직인 수]
    10초 · 살아있음 1 · 사거리 안 1 · **굳음 0** · 강적(보스) 1(안 1·굳음 0)
    20초 · 살아있음 1 · 사거리 안 1 · **굳음 0** · 강적(보스) 1(안 1·굳음 0)
    30초 · 살아있음 1 · 사거리 안 0 · **굳음 0** · 강적(보스) 1(안 0·굳음 0)
    40초 · 살아있음 1 · 사거리 안 0 · **굳음 0** · 강적(보스) 1(안 0·굳음 0)
    50초 · 살아있음 1 · 사거리 안 1 · **굳음 0** · 강적(보스) 1(안 1·굳음 0)
    60초 · 살아있음 1 · 사거리 안 1 · **굳음 0** · 강적(보스) 1(안 1·굳음 0)
    70초 · 살아있음 1 · 사거리 안 0 · **굳음 0** · 강적(보스) 1(안 0·굳음 0)
    80초 · 살아있음 1 · 사거리 안 1 · **굳음 0** · 강적(보스) 1(안 1·굳음 0)
    90초 · 살아있음 1 · 사거리 안 1 · **굳음 0** · 강적(보스) 1(안 1·굳음 0)
    100초 · 살아있음 1 · 사거리 안 1 · **굳음 0** · 강적(보스) 1(안 1·굳음 0)
    110초 · 살아있음 1 · 사거리 안 1 · **굳음 0** · 강적(보스) 1(안 1·굳음 0)
    되돌림(못 닿는 적 → 링) **0회** · 문턱 = 이동 속도 × 20초
  좌우 반전 0 회 — 떨림 잣대. 크면 붙들기(현재 0.40초)가 모자란 것이다
  구 규칙(우회 금지)은 2026-09-16 에 폐기됐다 — 주 축이 막히면
  부 축으로 한 칸 본다. 둘 다 막히면 그대로 선다(길막은 살아 있다).

[스폰 거리 — 띠 8.0~14.0]
    #0 0.05초 · 거리 7.93
  ⚠️ 이것은 **나타난 순간**의 거리다 — 적은 그 뒤 로봇 쪽으로 걸어온다.

[출력 축 — 요구치 0]
  명목 40.0 · 배율 뒤 40.0 · 실제(도착 기준) 최고 100.0 · 마지막 0.0
  갭 분해(마지막 틱) 40.0 — 전력 0.0 · 발열 0.0 · 벨트 40.0
  굴린 값(60초 창 · 화면이 내는 것과 같은 방식) 최고 20.1
  ❌ **요구치 0 에 못 미쳤다** (굴린 최고 20.1) — 못 미치는 것 자체가 보고 내용이다
  ⚠️ 판정은 **굴린 값**으로 한다 — 굴리지 않은 최고는 한 틱에 몰려 도착한
     것이 스파이크로 읽힌 수라, 그것으로 판정하면 없는 성능을 보고하게 된다.


======== 끈 판 (세기 0 · 구 거동) ========
=== 스테이지 S6 클리어 하네스 (2026-09-17) ===
[판] 추진제 필요 생산치 **30** (자산 30 대비 ×1.00 · 기준)
[판] 쉴드 줄 **배포 보드에 포함** — 값은 자산이 든다(대당 최대치 · 충전 비율)
[판] 자동 조종 **켬** — 게임과 같은 문(2026-09-17 신설)
[시작 조건] **튜토리얼 종료** — 마운트 적재 참(정상 경로) · 창고 빈손

[판] S6 · 합체·버스트(영상C)
  요구치 0 · 제한 120s · 적 1 기
  로봇 HP 1000 · 사거리 9.2 · 마운트계수 1.45 · 소비 상한 12.0
  보드 = 시작 배치 + 튜토리얼 칸(운반로 이어진 판) · 마운트 **가득**(40) · 창고 빈손
  이어진 노드 12 · 탄약 생산 2.00 발/초 · 생산 배율 1.00 · 코어 있음

[결과]
  LoseDead · 110.5초
  남은 적 1/1 · 로봇 HP 0/1000
  쏜 발 663
  첫 도착 0.0초
  첫 발사 0.5초

[보스 밀기 — 로봇이 실제로 밀려나는가]  ← 측정법: 틱마다 보스–로봇 중심 거리와 로봇이 움직인 양
    보스–로봇 **최소 거리 2.775 유닛**  ← 겹침 판정선(반지름 합)보다 작게 내려갔는가를 본다
    **겹친 틱 0**  ← 겹친 동안에만 민다. 0 이면 애초에 안 붙었다는 뜻이다
    **밀린 총 거리 0.00 유닛**  ← 겹친 틱에 로봇이 움직인 양의 합(제 걸음도 섞인다)
    ⚠️ 세기 0 판과 **나란히 놓고** 봐야 밀기의 몫이 갈린다 — 이 수만으로는 제 걸음과 밀린 몫을 못 가른다.

[회피 축 — `260917_W02` 2-2]
  부스터 2 대 · 회피 스택 상한 8 · 추진제 유입 0.3333 개/초
  **자동 회피 발동 36 회**  ← 측정법: `DodgeSystem.TotalDodges`(발동할 때마다 1 증가) 를 판 끝에서 읽는다
  회피 스택 최고 1  ← 측정법: 매 틱 `Dodge.Stacks` 를 보고 그중 최대
  추진제 소진 틱 1898/2210 (85.9%)  ← 측정법: 부스터가 있는 틱 중 `Stacks == 0` 인 틱의 비율
  **전력 효율 1.000** (공급 30 · 수요 17.0)  ← 측정법: `LogisticsSimulation.Throttles` 의 `power` = min(1, 공급/수요)
  **피격 114 회**(회피로 무효가 된 것 포함)  ← 측정법: 근접·포탄이 **명중 판정에 들어온** 순간마다 1 증가
  **받은 총 피해 1008**  ← 측정법: 실제로 **HP 에서** 깎인 값의 합. 🗑️ 구 「쉴드는 시뮬에 없다」 폐기 — 09-17 에 쉴드가 붙었고 그 몫은 아래 줄이 센다
  **회피로 무효화한 피해 720**  ← 측정법: 무적이라 **계산에 들어가지도 않은** 공격력의 합
  마운트 최고 도착률 10.00 발/초
  재배분 211 회 — 0 이면 라인이 시작값(빈 줄)으로 굳은 것이다

[쉴드 축]
  최대치 200 (발생 노드 1 대 × 대당 200) · 충전률 5.00/초 (비율 2.5%/초 · 재료 1.000 개/초 · 대당 소비 1)  ← 측정법: `ShieldSystem.ChargeFrom` = 최대치 × 비율 × (먹은 재료 ÷ 먹고 싶은 재료)
  빈 게이지가 차는 데 40.0초  ← 측정법: 최대치 ÷ 충전률. **비율이 고정이라 그릇을 키워도 이 수는 안 변한다**
  **쉴드가 막은 피해 553**  ← 측정법: 피격마다 게이지에서 실제로 빠진 양의 합(`ShieldSystem.Absorbed`). ⚠️ 넘친 몫은 여기 안 들고 위의 「받은 총 피해」로 간다
  쉴드 0 인 틱 77/2210 (3.5%)  ← 측정법: 매 틱 `Shield.Value <= 0` 인 틱의 비율 · **재료가 모자란다는 뜻**
  쉴드 만충 틱 0/2210 (0.0%)  ← 측정법: 매 틱 `Shield.IsFull` 인 틱의 비율 · **그릇이 남아돈다는 뜻**
  쉴드 줄이 쓴 칸 6 칸(벨트 3 + 가공 1 + 군수 1 + 발생 1)  ← 측정법: **시작 보드 배치**에서 센다(하네스가 따로 안 놓는다). ⚠️ **가공을 표준탄 줄과 공유하지 않는 판정**이라 한 칸이 더 든다

[못 쏜 까닭 — 틱마다 하나씩 · 차례가 인과다]
  쏜 틱                221 (10.0%)
  표적 없음              0 (0.0%)  ← 사거리 밖 대기
  표적 있고 재고 0       0 (0.0%)  ← 창고→마운트 이송
  둘 다 있는데 안 쏨  1989 (90.0%)  ← 발사 간격·게이트
  창고 최고 1.0 · 마운트 최고 40.0 · 마운트 평균 39.9
  📌 **창고는 높은데 마운트가 낮으면 이송이 병목**이고, 둘 다 높은데 안 쏘면 게이트다.

[굳은 적 — 10초마다 · 사거리 밖인데 안 움직인 수]
    10초 · 살아있음 1 · 사거리 안 1 · **굳음 0** · 강적(보스) 1(안 1·굳음 0)
    20초 · 살아있음 1 · 사거리 안 1 · **굳음 0** · 강적(보스) 1(안 1·굳음 0)
    30초 · 살아있음 1 · 사거리 안 0 · **굳음 0** · 강적(보스) 1(안 0·굳음 0)
    40초 · 살아있음 1 · 사거리 안 0 · **굳음 0** · 강적(보스) 1(안 0·굳음 0)
    50초 · 살아있음 1 · 사거리 안 1 · **굳음 0** · 강적(보스) 1(안 1·굳음 0)
    60초 · 살아있음 1 · 사거리 안 1 · **굳음 0** · 강적(보스) 1(안 1·굳음 0)
    70초 · 살아있음 1 · 사거리 안 0 · **굳음 0** · 강적(보스) 1(안 0·굳음 0)
    80초 · 살아있음 1 · 사거리 안 1 · **굳음 0** · 강적(보스) 1(안 1·굳음 0)
    90초 · 살아있음 1 · 사거리 안 1 · **굳음 0** · 강적(보스) 1(안 1·굳음 0)
    100초 · 살아있음 1 · 사거리 안 1 · **굳음 0** · 강적(보스) 1(안 1·굳음 0)
    110초 · 살아있음 1 · 사거리 안 1 · **굳음 0** · 강적(보스) 1(안 1·굳음 0)
    되돌림(못 닿는 적 → 링) **0회** · 문턱 = 이동 속도 × 20초
  좌우 반전 0 회 — 떨림 잣대. 크면 붙들기(현재 0.40초)가 모자란 것이다
  구 규칙(우회 금지)은 2026-09-16 에 폐기됐다 — 주 축이 막히면
  부 축으로 한 칸 본다. 둘 다 막히면 그대로 선다(길막은 살아 있다).

[스폰 거리 — 띠 8.0~14.0]
    #0 0.05초 · 거리 7.93
  ⚠️ 이것은 **나타난 순간**의 거리다 — 적은 그 뒤 로봇 쪽으로 걸어온다.

[출력 축 — 요구치 0]
  명목 40.0 · 배율 뒤 40.0 · 실제(도착 기준) 최고 100.0 · 마지막 0.0
  갭 분해(마지막 틱) 40.0 — 전력 0.0 · 발열 0.0 · 벨트 40.0
  굴린 값(60초 창 · 화면이 내는 것과 같은 방식) 최고 20.1
  ❌ **요구치 0 에 못 미쳤다** (굴린 최고 20.1) — 못 미치는 것 자체가 보고 내용이다
  ⚠️ 판정은 **굴린 값**으로 한다 — 굴리지 않은 최고는 한 틱에 몰려 도착한
     것이 스파이크로 읽힌 수라, 그것으로 판정하면 없는 성능을 보고하게 된다.


✅ 세기를 6 로 되돌렸다.
############ 끝 ############
UnityEngine.Debug:ExtractStackTraceNoAlloc (byte*,int,string)
UnityEngine.StackTraceUtility:ExtractStackTrace ()
UnityEngine.DebugLogHandler:Internal_Log (UnityEngine.LogType,UnityEngine.LogOption,string,UnityEngine.Object)
UnityEngine.DebugLogHandler:LogFormat (UnityEngine.LogType,UnityEngine.Object,string,object[])
UnityEngine.Logger:Log (UnityEngine.LogType,object)
UnityEngine.Debug:Log (object)
MBI.EditorTools.StageClearHarness:RunBossPushBatch () (at Assets/_Project/Scripts/Editor/StageClearHarness.cs:130)

(Filename: Assets/_Project/Scripts/Editor/StageClearHarness.cs Line: 130)

Killing ADB server in 2.2163749 seconds.
[Physics::Module] Cleanup current backend.
[Physics::Module] Id: 0xf2b8ea05
Input System module state changed to: ShutdownInProgress.
Input Polling Thread exited.
Input System module state changed to: Shutdown.
[Licensing::IpcConnector] LicenseClient-Kang-notifications channel disconnected successfully.
[Licensing::IpcConnector] LicenseClient-Kang channel disconnected successfully.
AcceleratorClientConnectionCallback - disconnected - :0
Shut down.
Cleanup mono
CodeReloadManager destroyed
abort_threads: Failed aborting id: 0000000000008928, mono_thread_manage will ignore it

abort_threads: Failed aborting id: 000000000000ABA8, mono_thread_manage will ignore it

abort_threads: Failed aborting id: 0000000000008928, mono_thread_manage will ignore it

abort_threads: Failed aborting id: 000000000000ABA8, mono_thread_manage will ignore it

debugger-agent: Unable to listen on 4212
Checking for leaked weakptr:
  Found no leaked weakptrs.
[Package Manager] Server process was shutdown
##utp:{"type":"MemoryLeaks","version":2,"phase":"Immediate","time":1791292691426,"processId":7508,"allocatedMemory":15658713,"memoryLabels":[{"Default":200956},{"Permanent":15276},{"NewDelete":65187},{"Thread":4230384},{"Manager":34093},{"VertexData":8},{"Geometry":816},{"Texture":24},{"Shader":851636},{"Material":24},{"GfxDevice":55321},{"Animation":392},{"Audio":3008},{"FreeType":8},{"FontEngine":736},{"Physics":2090},{"Physics2D":16},{"Serialization":824},{"Input":9880},{"JobScheduler":33024},{"TextLib":216},{"Mono":32},{"MonoCode":64},{"ScriptingNativeRuntime":155052},{"BaseObject":1620496},{"Resource":1184},{"Renderer":3008},{"Transform":4685},{"File":1088},{"WebCam":616},{"Culling":32},{"Terrain":11394},{"Wind":24},{"STL":40},{"String":15483},{"StaticString":6718},{"Utility":2673318},{"Curl":2478},{"PoolAlloc":2168},{"AI":80},{"TypeTree":16261},{"ScriptManager":448},{"RuntimeInitializeOnLoadManager":64},{"SpriteAtlas":120},{"GI":7792},{"Director":8320},{"CloudService":7376},{"WebRequest":845},{"VR":48050},{"SceneManager":504},{"Video":64},{"LazyScriptCache":32},{"Camera":17},{"Secure":2113},{"SerializationCache":1576},{"APIUpdating":10320},{"Subsystems":336},{"VirtualTexturing":57888},{"StaticSafetyDebugInfo":278528},{"Analytics":464},{"Hierarchy":608},{"CoreStats":13032},{"Identifiers":12960},{"Gui":128},{"EditorUtility":112675},{"VersionControl":4},{"Undo":931},{"AssetDatabase":5020775},{"EditorGi":328},{"UnityConnect":37753},{"Upm":1912},{"UpmDiagnostics":8},{"AssetCompliance":64},{"DrivenProperties":72},{"LocalIPC":210},{"ProfilerEditor":9746},{"CoreBusinessMetrics":2862},{"Windowing":456},{"Licensing":1232},{"AssetReference":32},{"IPCStream":32}]}
~StackAllocator(ALLOC_TEMP_MAIN) m_LastAlloc not NULL. Did you forget to call FreeAllStackAllocations()? To get more information, run app with -diag-temp-memory-leak-validation cmd line argument

=== 만충 사슬 실측 (2026-09-15 · 밸런스 (가) 확인) ===

[ㄱ] 안 쏠 때 (적 0)
  만공급 출력(분모) = 260.00

  초 | 도착률(표준) | 라인 | 창고유입 | 창고재고 | 마운트 | 만충
  0.0 | 0.00 | 0 | 0.00 | 0.0 | 0.0 | False
  5.0 | 0.00 | 0 | 0.00 | 0.0 | 0.0 | False
  10.0 | 4.00 | 1 | 4.00 | 0.0 | 8.4 | False
  15.0 | 4.00 | 1 | 4.00 | 0.0 | 18.4 | False
  20.0 | 4.00 | 1 | 4.00 | 0.0 | 28.4 | False
  25.0 | 4.00 | 1 | 4.00 | 0.0 | 38.4 | False
  30.0 | 4.00 | 1 | 4.00 | 8.4 | 40.0 | True
  35.0 | 4.00 | 1 | 4.00 | 18.4 | 40.0 | True
  40.0 | 4.00 | 1 | 4.00 | 28.4 | 40.0 | True
  45.0 | 4.00 | 1 | 4.00 | 38.4 | 40.0 | True
  50.0 | 4.00 | 1 | 4.00 | 40.0 | 40.0 | True
  55.0 | 4.00 | 1 | 4.00 | 40.0 | 40.0 | True

  ✅ 마운트 만충 = **25.4초**

  [슬롯 넷 — 끝 상태]
    슬롯 0 — 임자 Standard · 재고 10.0 · 스택 상한 10.0
    슬롯 1 — 임자 Standard · 재고 10.0 · 스택 상한 10.0
    슬롯 2 — 임자 Standard · 재고 10.0 · 스택 상한 10.0
    슬롯 3 — 임자 Standard · 재고 10.0 · 스택 상한 10.0
    Capacity 40.0 · Total 40.0 · 전 슬롯 임자 있음 True · 만충 판정 True · 판정 가능 True
    📌 로봇 아래 막대 둘은 **HP 와 보호막**이다(`CombatEntityView.HpBarCenter` · `ShieldBarCenter`) — 마운트가 아니다.

  끝 상태 — 라인 1줄 · 창고 40.0/40 · 마운트 40.0
  도착 누적 — 탄약 110개 · 탄약 아닌 것 0개 · 표준 아닌 탄약 0개
  첫 도착 5.7초 · 그 뒤 54.4초 동안 초당 2.02 발  <- 이것이 긴 구간의 진짜 공급이다
  소비(라인 합) 2.00 발/초  vs  공급(도착률) 4.00 발/초

[ㄴ] 쏠 때 (적 120 · 사거리 안)
  만공급 출력(분모) = 260.00

  초 | 도착률(표준) | 라인 | 창고유입 | 창고재고 | 마운트 | 만충
  0.0 | 0.00 | 0 | 0.00 | 0.0 | 0.0 | False
  5.0 | 0.00 | 0 | 0.00 | 0.0 | 0.0 | False
  10.0 | 4.00 | 1 | 4.00 | 0.0 | 0.4 | False
  15.0 | 4.00 | 1 | 4.00 | 0.0 | 0.4 | False
  20.0 | 4.00 | 1 | 4.00 | 0.0 | 0.4 | False
  25.0 | 4.00 | 1 | 4.00 | 0.0 | 0.4 | False
  30.0 | 4.00 | 1 | 4.00 | 0.0 | 0.4 | False
  35.0 | 4.00 | 1 | 4.00 | 0.0 | 0.4 | False
  40.0 | 4.00 | 1 | 4.00 | 0.0 | 0.4 | False
  45.0 | 4.00 | 1 | 4.00 | 0.0 | 0.4 | False
  50.0 | 4.00 | 1 | 4.00 | 0.0 | 0.4 | False
  55.0 | 4.00 | 1 | 4.00 | 0.0 | 0.4 | False

  ⛔ **60초 동안 만충이 안 섰다** — 둘째 목표가 영영 안 닫힌다

  [슬롯 넷 — 끝 상태]
    슬롯 0 — 임자 Standard · 재고 0.2 · 스택 상한 10.0
    슬롯 1 — 임자 None · 재고 0.0 · 스택 상한 0.0
    슬롯 2 — 임자 None · 재고 0.0 · 스택 상한 0.0
    슬롯 3 — 임자 None · 재고 0.0 · 스택 상한 0.0
    Capacity 10.0 · Total 0.2 · 전 슬롯 임자 있음 False · 만충 판정 False · 판정 가능 True
    📌 로봇 아래 막대 둘은 **HP 와 보호막**이다(`CombatEntityView.HpBarCenter` · `ShieldBarCenter`) — 마운트가 아니다.

  끝 상태 — 라인 1줄 · 창고 0.0/40 · 마운트 0.2
  도착 누적 — 탄약 110개 · 탄약 아닌 것 0개 · 표준 아닌 탄약 0개
  첫 도착 5.7초 · 그 뒤 54.4초 동안 초당 2.02 발  <- 이것이 긴 구간의 진짜 공급이다
  소비(라인 합) 2.00 발/초  vs  공급(도착률) 4.00 발/초

UnityEngine.Debug:ExtractStackTraceNoAlloc (byte*,int,string)
UnityEngine.StackTraceUtility:ExtractStackTrace ()
UnityEngine.DebugLogHandler:Internal_Log (UnityEngine.LogType,UnityEngine.LogOption,string,UnityEngine.Object)
UnityEngine.DebugLogHandler:LogFormat (UnityEngine.LogType,UnityEngine.Object,string,object[])
UnityEngine.Logger:Log (UnityEngine.LogType,object)
UnityEngine.Debug:Log (object)
MBI.EditorTools.TutorialMountProbe:RunBatch () (at Assets/_Project/Scripts/Editor/TutorialMountProbe.cs:48)

(Filename: Assets/_Project/Scripts/Editor/TutorialMountProbe.cs Line: 48)

Curl error 23: Failure writing output to destination, passed 13 returned 0
Killing ADB server in 2.2202892 seconds.
[Physics::Module] Cleanup current backend.
[Physics::Module] Id: 0xf2b8ea05
Input System module state changed to: ShutdownInProgress.
Input Polling Thread exited.
Input System module state changed to: Shutdown.
[Licensing::IpcConnector] LicenseClient-Kang-notifications channel disconnected successfully.
[Licensing::IpcConnector] LicenseClient-Kang channel disconnected successfully.
AcceleratorClientConnectionCallback - disconnected - :0
Shut down.
Cleanup mono
CodeReloadManager destroyed
abort_threads: Failed aborting id: 0000000000009980, mono_thread_manage will ignore it

abort_threads: Failed aborting id: 000000000000AA44, mono_thread_manage will ignore it

abort_threads: Failed aborting id: 0000000000009980, mono_thread_manage will ignore it

abort_threads: Failed aborting id: 000000000000AA44, mono_thread_manage will ignore it

debugger-agent: Unable to listen on 4052
Checking for leaked weakptr:
  Found no leaked weakptrs.
[Package Manager] Server process was shutdown
##utp:{"type":"MemoryLeaks","version":2,"phase":"Immediate","time":1791292711762,"processId":14568,"allocatedMemory":15658700,"memoryLabels":[{"Default":200956},{"Permanent":15276},{"NewDelete":65187},{"Thread":4230384},{"Manager":34093},{"VertexData":8},{"Geometry":816},{"Texture":24},{"Shader":851636},{"Material":24},{"GfxDevice":55321},{"Animation":392},{"Audio":3008},{"FreeType":8},{"FontEngine":736},{"Physics":2090},{"Physics2D":16},{"Serialization":824},{"Input":9880},{"JobScheduler":33024},{"TextLib":216},{"Mono":32},{"MonoCode":64},{"ScriptingNativeRuntime":155052},{"BaseObject":1620496},{"Resource":1184},{"Renderer":3008},{"Transform":4685},{"File":1088},{"WebCam":616},{"Culling":32},{"Terrain":11394},{"Wind":24},{"STL":40},{"String":15470},{"StaticString":6718},{"Utility":2673318},{"Curl":2478},{"PoolAlloc":2168},{"AI":80},{"TypeTree":16261},{"ScriptManager":448},{"RuntimeInitializeOnLoadManager":64},{"SpriteAtlas":120},{"GI":7792},{"Director":8320},{"CloudService":7376},{"WebRequest":845},{"VR":48050},{"SceneManager":504},{"Video":64},{"LazyScriptCache":32},{"Camera":17},{"Secure":2113},{"SerializationCache":1576},{"APIUpdating":10320},{"Subsystems":336},{"VirtualTexturing":57888},{"StaticSafetyDebugInfo":278528},{"Analytics":464},{"Hierarchy":608},{"CoreStats":13032},{"Identifiers":12960},{"Gui":128},{"EditorUtility":112675},{"VersionControl":4},{"Undo":931},{"AssetDatabase":5020775},{"EditorGi":328},{"UnityConnect":37753},{"Upm":1912},{"UpmDiagnostics":8},{"AssetCompliance":64},{"DrivenProperties":72},{"LocalIPC":210},{"ProfilerEditor":9746},{"CoreBusinessMetrics":2862},{"Windowing":456},{"Licensing":1232},{"AssetReference":32},{"IPCStream":32}]}
~StackAllocator(ALLOC_TEMP_MAIN) m_LastAlloc not NULL. Did you forget to call FreeAllStackAllocations()? To get more information, run app with -diag-temp-memory-leak-validation cmd line argument
